2026-08-07 20:58:41,798 [INFO] django.utils.autoreload: Watching for file changes with StatReloader
2026-08-07 20:58:47,502 [INFO] django.utils.autoreload: Watching for file changes with StatReloader
2026-08-07 21:00:13,109 [INFO] django.utils.autoreload: Watching for file changes with StatReloader
2026-08-07 21:00:28,249 [INFO] django.utils.autoreload: Watching for file changes with StatReloader
2026-08-07 21:01:53,375 [INFO] django.utils.autoreload: /Users/watasho/study/project/backend/project/settings.py changed, reloading.
2026-08-07 21:01:55,107 [INFO] django.utils.autoreload: Watching for file changes with StatReloader
2026-08-07 21:01:56,208 [INFO] django.utils.autoreload: /Users/watasho/study/project/backend/project/settings.py changed, reloading.
2026-08-07 21:01:56,463 [INFO] django.utils.autoreload: Watching for file changes with StatReloader
2026-08-07 21:02:02,065 [INFO] django.utils.autoreload: Watching for file changes with StatReloader
2026-08-07 21:02:15,427 [INFO] django.utils.autoreload: /Users/watasho/study/project/backend/project/settings.py changed, reloading.
2026-08-07 21:02:15,783 [INFO] django.utils.autoreload: Watching for file changes with StatReloader
2026-08-07 21:02:31,173 [INFO] django.utils.autoreload: /Users/watasho/study/project/backend/project/settings.py changed, reloading.
2026-08-07 21:02:31,498 [INFO] django.utils.autoreload: Watching for file changes with StatReloader
2026-08-07 21:02:32,591 [INFO] django.utils.autoreload: /Users/watasho/study/project/backend/project/settings.py changed, reloading.
2026-08-07 21:02:32,853 [INFO] django.utils.autoreload: Watching for file changes with StatReloader
2026-08-07 21:02:46,088 [INFO] django.utils.autoreload: Watching for file changes with StatReloader
2026-08-09 08:36:37,564 [INFO] django.utils.autoreload: Watching for file changes with StatReloader
2026-08-09 09:22:24,215 [INFO] django.utils.autoreload: Watching for file changes with StatReloader
2026-08-09 09:45:52,588 [INFO] django.utils.autoreload: Watching for file changes with StatReloader
2026-08-09 10:51:03,726 [INFO] django.utils.autoreload: Watching for file changes with StatReloader
2026-08-09 10:52:06,452 [INFO] django.server: "GET / HTTP/1.1" 200 12149
2026-08-09 10:52:06,708 [WARNING] django.request: Not Found: /favicon.ico
2026-08-09 10:52:06,709 [WARNING] django.server: "GET /favicon.ico HTTP/1.1" 404 2281
